// Jest Snapshot v1, https://goo.gl/fbAQLP

exports[`PokemonPage Page should match snapshot 1`] = `<h1>Espere por favor...</h1>`;

exports[`PokemonPage Page should match snapshot when data loads 1`] = `
<div>
  <h1>¿Quien es este pokemón?</h1>
  <div class="pokemon-container" data-testid="pokemonPicture"><img class="hidden-pokemon" src="https://raw.githubusercontent.com/PokeAPI/sprites/master/sprites/pokemon/other/dream-world/1.svg" alt="pokemón"></div>
  <div class="options-container" data-testid="pokemonOptions">
    <ul>
      <li>bulbasaur</li>
      <li>ivysaur</li>
      <li>venusaur</li>
      <li>charmander</li>
    </ul>
  </div>
  <!--v-if-->
</div>
`;
